// Jest Snapshot v1, https://goo.gl/fbAQLP

exports[`Testing app snapshot 1`] = `
<View>
  <Text>
    Hello Badini !
  </Text>
</View>
`;
